[1.777s] Invoking command in '/home/varun/ros2_ws/src/warehouse_robot': PYTHONPATH=/home/varun/ros2_ws/build/warehouse_robot/prefix_override:/usr/lib/python3/dist-packages/colcon_core/task/python/colcon_distutils_commands:/home/varun/ros2_ws/install/warehouse_robot/lib/python3.10/site-packages:${PYTHONPATH} /usr/bin/python3 -W ignore:setup.py install is deprecated -W ignore:easy_install command is deprecated setup.py egg_info --egg-base ../../build/warehouse_robot build --build-base /home/varun/ros2_ws/build/warehouse_robot/build install --record /home/varun/ros2_ws/build/warehouse_robot/install.log --single-version-externally-managed install_data
[2.435s] running egg_info
[2.438s] creating ../../build/warehouse_robot/warehouse_robot.egg-info
[2.438s] writing ../../build/warehouse_robot/warehouse_robot.egg-info/PKG-INFO
[2.438s] writing dependency_links to ../../build/warehouse_robot/warehouse_robot.egg-info/dependency_links.txt
[2.439s] writing entry points to ../../build/warehouse_robot/warehouse_robot.egg-info/entry_points.txt
[2.440s] writing requirements to ../../build/warehouse_robot/warehouse_robot.egg-info/requires.txt
[2.440s] writing top-level names to ../../build/warehouse_robot/warehouse_robot.egg-info/top_level.txt
[2.441s] writing manifest file '../../build/warehouse_robot/warehouse_robot.egg-info/SOURCES.txt'
[2.441s] reading manifest file '../../build/warehouse_robot/warehouse_robot.egg-info/SOURCES.txt'
[2.445s] writing manifest file '../../build/warehouse_robot/warehouse_robot.egg-info/SOURCES.txt'
[2.445s] running build
[2.446s] running build_py
[2.446s] creating /home/varun/ros2_ws/build/warehouse_robot/build
[2.447s] creating /home/varun/ros2_ws/build/warehouse_robot/build/lib
[2.448s] creating /home/varun/ros2_ws/build/warehouse_robot/build/lib/warehouse_robot
[2.450s] copying warehouse_robot/__init__.py -> /home/varun/ros2_ws/build/warehouse_robot/build/lib/warehouse_robot
[2.451s] copying warehouse_robot/mission_controller.py -> /home/varun/ros2_ws/build/warehouse_robot/build/lib/warehouse_robot
[2.451s] copying warehouse_robot/replan_monitor.py -> /home/varun/ros2_ws/build/warehouse_robot/build/lib/warehouse_robot
[2.451s] copying warehouse_robot/obstacle_spawner.py -> /home/varun/ros2_ws/build/warehouse_robot/build/lib/warehouse_robot
[2.451s] copying warehouse_robot/map.py -> /home/varun/ros2_ws/build/warehouse_robot/build/lib/warehouse_robot
[2.452s] running install
[2.454s] running install_lib
[2.456s] creating /home/varun/ros2_ws/install/warehouse_robot/lib/python3.10/site-packages/warehouse_robot
[2.462s] copying /home/varun/ros2_ws/build/warehouse_robot/build/lib/warehouse_robot/__init__.py -> /home/varun/ros2_ws/install/warehouse_robot/lib/python3.10/site-packages/warehouse_robot
[2.462s] copying /home/varun/ros2_ws/build/warehouse_robot/build/lib/warehouse_robot/mission_controller.py -> /home/varun/ros2_ws/install/warehouse_robot/lib/python3.10/site-packages/warehouse_robot
[2.463s] copying /home/varun/ros2_ws/build/warehouse_robot/build/lib/warehouse_robot/replan_monitor.py -> /home/varun/ros2_ws/install/warehouse_robot/lib/python3.10/site-packages/warehouse_robot
[2.463s] copying /home/varun/ros2_ws/build/warehouse_robot/build/lib/warehouse_robot/obstacle_spawner.py -> /home/varun/ros2_ws/install/warehouse_robot/lib/python3.10/site-packages/warehouse_robot
[2.463s] copying /home/varun/ros2_ws/build/warehouse_robot/build/lib/warehouse_robot/map.py -> /home/varun/ros2_ws/install/warehouse_robot/lib/python3.10/site-packages/warehouse_robot
[2.463s] byte-compiling /home/varun/ros2_ws/install/warehouse_robot/lib/python3.10/site-packages/warehouse_robot/__init__.py to __init__.cpython-310.pyc
[2.463s] byte-compiling /home/varun/ros2_ws/install/warehouse_robot/lib/python3.10/site-packages/warehouse_robot/mission_controller.py to mission_controller.cpython-310.pyc
[2.463s] byte-compiling /home/varun/ros2_ws/install/warehouse_robot/lib/python3.10/site-packages/warehouse_robot/replan_monitor.py to replan_monitor.cpython-310.pyc
[2.466s] byte-compiling /home/varun/ros2_ws/install/warehouse_robot/lib/python3.10/site-packages/warehouse_robot/obstacle_spawner.py to obstacle_spawner.cpython-310.pyc
[2.469s] byte-compiling /home/varun/ros2_ws/install/warehouse_robot/lib/python3.10/site-packages/warehouse_robot/map.py to map.cpython-310.pyc
[2.470s] running install_data
[2.472s] creating /home/varun/ros2_ws/install/warehouse_robot/share/ament_index
[2.473s] creating /home/varun/ros2_ws/install/warehouse_robot/share/ament_index/resource_index
[2.473s] creating /home/varun/ros2_ws/install/warehouse_robot/share/ament_index/resource_index/packages
[2.473s] copying resource/warehouse_robot -> /home/varun/ros2_ws/install/warehouse_robot/share/ament_index/resource_index/packages
[2.474s] copying package.xml -> /home/varun/ros2_ws/install/warehouse_robot/share/warehouse_robot
[2.474s] creating /home/varun/ros2_ws/install/warehouse_robot/share/warehouse_robot/launch
[2.474s] copying launch/warehouse_mission.launch.py -> /home/varun/ros2_ws/install/warehouse_robot/share/warehouse_robot/launch
[2.474s] creating /home/varun/ros2_ws/install/warehouse_robot/share/warehouse_robot/maps
[2.474s] copying maps/map.yaml -> /home/varun/ros2_ws/install/warehouse_robot/share/warehouse_robot/maps
[2.475s] copying maps/map.pgm -> /home/varun/ros2_ws/install/warehouse_robot/share/warehouse_robot/maps
[2.477s] running install_egg_info
[2.487s] Copying ../../build/warehouse_robot/warehouse_robot.egg-info to /home/varun/ros2_ws/install/warehouse_robot/lib/python3.10/site-packages/warehouse_robot-0.0.0-py3.10.egg-info
[2.490s] running install_scripts
[2.547s] Installing mission_controller script to /home/varun/ros2_ws/install/warehouse_robot/lib/warehouse_robot
[2.548s] Installing obstacle_spawner script to /home/varun/ros2_ws/install/warehouse_robot/lib/warehouse_robot
[2.548s] Installing replan_monitor script to /home/varun/ros2_ws/install/warehouse_robot/lib/warehouse_robot
[2.549s] writing list of installed files to '/home/varun/ros2_ws/build/warehouse_robot/install.log'
[2.616s] Invoked command in '/home/varun/ros2_ws/src/warehouse_robot' returned '0': PYTHONPATH=/home/varun/ros2_ws/build/warehouse_robot/prefix_override:/usr/lib/python3/dist-packages/colcon_core/task/python/colcon_distutils_commands:/home/varun/ros2_ws/install/warehouse_robot/lib/python3.10/site-packages:${PYTHONPATH} /usr/bin/python3 -W ignore:setup.py install is deprecated -W ignore:easy_install command is deprecated setup.py egg_info --egg-base ../../build/warehouse_robot build --build-base /home/varun/ros2_ws/build/warehouse_robot/build install --record /home/varun/ros2_ws/build/warehouse_robot/install.log --single-version-externally-managed install_data
