[2.351s] Invoking command in '/home/varun/ros2_ws/src/warehouse_robot': PYTHONPATH=/home/varun/ros2_ws/build/warehouse_robot/prefix_override:/usr/lib/python3/dist-packages/colcon_core/task/python/colcon_distutils_commands:/home/varun/ros2_ws/install/warehouse_robot/lib/python3.10/site-packages:${PYTHONPATH} /usr/bin/python3 -W ignore:setup.py install is deprecated -W ignore:easy_install command is deprecated setup.py egg_info --egg-base ../../build/warehouse_robot build --build-base /home/varun/ros2_ws/build/warehouse_robot/build install --record /home/varun/ros2_ws/build/warehouse_robot/install.log --single-version-externally-managed install_data
[2.914s] running egg_info
[2.915s] writing ../../build/warehouse_robot/warehouse_robot.egg-info/PKG-INFO
[2.917s] writing dependency_links to ../../build/warehouse_robot/warehouse_robot.egg-info/dependency_links.txt
[2.926s] writing entry points to ../../build/warehouse_robot/warehouse_robot.egg-info/entry_points.txt
[2.926s] writing requirements to ../../build/warehouse_robot/warehouse_robot.egg-info/requires.txt
[2.926s] writing top-level names to ../../build/warehouse_robot/warehouse_robot.egg-info/top_level.txt
[2.929s] reading manifest file '../../build/warehouse_robot/warehouse_robot.egg-info/SOURCES.txt'
[2.931s] writing manifest file '../../build/warehouse_robot/warehouse_robot.egg-info/SOURCES.txt'
[2.931s] running build
[2.931s] running build_py
[2.931s] copying warehouse_robot/mission_controller.py -> /home/varun/ros2_ws/build/warehouse_robot/build/lib/warehouse_robot
[2.933s] running install
[2.934s] running install_lib
[2.936s] copying /home/varun/ros2_ws/build/warehouse_robot/build/lib/warehouse_robot/mission_controller.py -> /home/varun/ros2_ws/install/warehouse_robot/lib/python3.10/site-packages/warehouse_robot
[2.938s] byte-compiling /home/varun/ros2_ws/install/warehouse_robot/lib/python3.10/site-packages/warehouse_robot/mission_controller.py to mission_controller.cpython-310.pyc
[2.941s] running install_data
[2.941s] running install_egg_info
[2.950s] removing '/home/varun/ros2_ws/install/warehouse_robot/lib/python3.10/site-packages/warehouse_robot-0.0.0-py3.10.egg-info' (and everything under it)
[2.952s] Copying ../../build/warehouse_robot/warehouse_robot.egg-info to /home/varun/ros2_ws/install/warehouse_robot/lib/python3.10/site-packages/warehouse_robot-0.0.0-py3.10.egg-info
[2.961s] running install_scripts
[3.001s] Installing mission_controller script to /home/varun/ros2_ws/install/warehouse_robot/lib/warehouse_robot
[3.003s] writing list of installed files to '/home/varun/ros2_ws/build/warehouse_robot/install.log'
[3.087s] Invoked command in '/home/varun/ros2_ws/src/warehouse_robot' returned '0': PYTHONPATH=/home/varun/ros2_ws/build/warehouse_robot/prefix_override:/usr/lib/python3/dist-packages/colcon_core/task/python/colcon_distutils_commands:/home/varun/ros2_ws/install/warehouse_robot/lib/python3.10/site-packages:${PYTHONPATH} /usr/bin/python3 -W ignore:setup.py install is deprecated -W ignore:easy_install command is deprecated setup.py egg_info --egg-base ../../build/warehouse_robot build --build-base /home/varun/ros2_ws/build/warehouse_robot/build install --record /home/varun/ros2_ws/build/warehouse_robot/install.log --single-version-externally-managed install_data
