[0.955s] Invoking command in '/home/varun/ros2_ws/src/warehouse_robot': PYTHONPATH=/home/varun/ros2_ws/build/warehouse_robot/prefix_override:/usr/lib/python3/dist-packages/colcon_core/task/python/colcon_distutils_commands:/home/varun/ros2_ws/install/warehouse_robot/lib/python3.10/site-packages:${PYTHONPATH} /usr/bin/python3 -W ignore:setup.py install is deprecated -W ignore:easy_install command is deprecated setup.py egg_info --egg-base ../../build/warehouse_robot build --build-base /home/varun/ros2_ws/build/warehouse_robot/build install --record /home/varun/ros2_ws/build/warehouse_robot/install.log --single-version-externally-managed install_data
[1.249s] running egg_info
[1.249s] creating ../../build/warehouse_robot/warehouse_robot.egg-info
[1.250s] writing ../../build/warehouse_robot/warehouse_robot.egg-info/PKG-INFO
[1.251s] writing dependency_links to ../../build/warehouse_robot/warehouse_robot.egg-info/dependency_links.txt
[1.251s] writing entry points to ../../build/warehouse_robot/warehouse_robot.egg-info/entry_points.txt
[1.251s] writing requirements to ../../build/warehouse_robot/warehouse_robot.egg-info/requires.txt
[1.252s] writing top-level names to ../../build/warehouse_robot/warehouse_robot.egg-info/top_level.txt
[1.252s] writing manifest file '../../build/warehouse_robot/warehouse_robot.egg-info/SOURCES.txt'
[1.254s] reading manifest file '../../build/warehouse_robot/warehouse_robot.egg-info/SOURCES.txt'
[1.255s] writing manifest file '../../build/warehouse_robot/warehouse_robot.egg-info/SOURCES.txt'
[1.255s] running build
[1.255s] running build_py
[1.256s] creating /home/varun/ros2_ws/build/warehouse_robot/build
[1.256s] creating /home/varun/ros2_ws/build/warehouse_robot/build/lib
[1.256s] creating /home/varun/ros2_ws/build/warehouse_robot/build/lib/warehouse_robot
[1.257s] copying warehouse_robot/__init__.py -> /home/varun/ros2_ws/build/warehouse_robot/build/lib/warehouse_robot
[1.257s] copying warehouse_robot/mission_controller.py -> /home/varun/ros2_ws/build/warehouse_robot/build/lib/warehouse_robot
[1.257s] copying warehouse_robot/replan_monitor.py -> /home/varun/ros2_ws/build/warehouse_robot/build/lib/warehouse_robot
[1.257s] copying warehouse_robot/obstacle_spawner.py -> /home/varun/ros2_ws/build/warehouse_robot/build/lib/warehouse_robot
[1.257s] copying warehouse_robot/map.py -> /home/varun/ros2_ws/build/warehouse_robot/build/lib/warehouse_robot
[1.257s] running install
[1.257s] running install_lib
[1.259s] creating /home/varun/ros2_ws/install/warehouse_robot/lib/python3.10/site-packages/warehouse_robot
[1.259s] copying /home/varun/ros2_ws/build/warehouse_robot/build/lib/warehouse_robot/__init__.py -> /home/varun/ros2_ws/install/warehouse_robot/lib/python3.10/site-packages/warehouse_robot
[1.259s] copying /home/varun/ros2_ws/build/warehouse_robot/build/lib/warehouse_robot/mission_controller.py -> /home/varun/ros2_ws/install/warehouse_robot/lib/python3.10/site-packages/warehouse_robot
[1.260s] copying /home/varun/ros2_ws/build/warehouse_robot/build/lib/warehouse_robot/replan_monitor.py -> /home/varun/ros2_ws/install/warehouse_robot/lib/python3.10/site-packages/warehouse_robot
[1.260s] copying /home/varun/ros2_ws/build/warehouse_robot/build/lib/warehouse_robot/obstacle_spawner.py -> /home/varun/ros2_ws/install/warehouse_robot/lib/python3.10/site-packages/warehouse_robot
[1.260s] copying /home/varun/ros2_ws/build/warehouse_robot/build/lib/warehouse_robot/map.py -> /home/varun/ros2_ws/install/warehouse_robot/lib/python3.10/site-packages/warehouse_robot
[1.260s] byte-compiling /home/varun/ros2_ws/install/warehouse_robot/lib/python3.10/site-packages/warehouse_robot/__init__.py to __init__.cpython-310.pyc
[1.261s] byte-compiling /home/varun/ros2_ws/install/warehouse_robot/lib/python3.10/site-packages/warehouse_robot/mission_controller.py to mission_controller.cpython-310.pyc
[1.262s] byte-compiling /home/varun/ros2_ws/install/warehouse_robot/lib/python3.10/site-packages/warehouse_robot/replan_monitor.py to replan_monitor.cpython-310.pyc
[1.263s] byte-compiling /home/varun/ros2_ws/install/warehouse_robot/lib/python3.10/site-packages/warehouse_robot/obstacle_spawner.py to obstacle_spawner.cpython-310.pyc
[1.264s] byte-compiling /home/varun/ros2_ws/install/warehouse_robot/lib/python3.10/site-packages/warehouse_robot/map.py to map.cpython-310.pyc
[1.265s] running install_data
[1.265s] creating /home/varun/ros2_ws/install/warehouse_robot/share/ament_index
[1.265s] creating /home/varun/ros2_ws/install/warehouse_robot/share/ament_index/resource_index
[1.266s] creating /home/varun/ros2_ws/install/warehouse_robot/share/ament_index/resource_index/packages
[1.266s] copying resource/warehouse_robot -> /home/varun/ros2_ws/install/warehouse_robot/share/ament_index/resource_index/packages
[1.266s] copying package.xml -> /home/varun/ros2_ws/install/warehouse_robot/share/warehouse_robot
[1.266s] creating /home/varun/ros2_ws/install/warehouse_robot/share/warehouse_robot/launch
[1.266s] copying launch/warehouse_mission.launch.py -> /home/varun/ros2_ws/install/warehouse_robot/share/warehouse_robot/launch
[1.267s] creating /home/varun/ros2_ws/install/warehouse_robot/share/warehouse_robot/maps
[1.267s] copying maps/map.yaml -> /home/varun/ros2_ws/install/warehouse_robot/share/warehouse_robot/maps
[1.267s] copying maps/map.pgm -> /home/varun/ros2_ws/install/warehouse_robot/share/warehouse_robot/maps
[1.267s] running install_egg_info
[1.271s] Copying ../../build/warehouse_robot/warehouse_robot.egg-info to /home/varun/ros2_ws/install/warehouse_robot/lib/python3.10/site-packages/warehouse_robot-0.0.0-py3.10.egg-info
[1.272s] running install_scripts
[1.299s] Installing mission_controller script to /home/varun/ros2_ws/install/warehouse_robot/lib/warehouse_robot
[1.299s] Installing obstacle_spawner script to /home/varun/ros2_ws/install/warehouse_robot/lib/warehouse_robot
[1.299s] Installing replan_monitor script to /home/varun/ros2_ws/install/warehouse_robot/lib/warehouse_robot
[1.300s] writing list of installed files to '/home/varun/ros2_ws/build/warehouse_robot/install.log'
[1.329s] Invoked command in '/home/varun/ros2_ws/src/warehouse_robot' returned '0': PYTHONPATH=/home/varun/ros2_ws/build/warehouse_robot/prefix_override:/usr/lib/python3/dist-packages/colcon_core/task/python/colcon_distutils_commands:/home/varun/ros2_ws/install/warehouse_robot/lib/python3.10/site-packages:${PYTHONPATH} /usr/bin/python3 -W ignore:setup.py install is deprecated -W ignore:easy_install command is deprecated setup.py egg_info --egg-base ../../build/warehouse_robot build --build-base /home/varun/ros2_ws/build/warehouse_robot/build install --record /home/varun/ros2_ws/build/warehouse_robot/install.log --single-version-externally-managed install_data
