/home/varun/ros2_ws/install/warehouse_robot/lib/python3.10/site-packages/warehouse_robot/__init__.py
/home/varun/ros2_ws/install/warehouse_robot/lib/python3.10/site-packages/warehouse_robot/mission_controller.py
/home/varun/ros2_ws/install/warehouse_robot/lib/python3.10/site-packages/warehouse_robot/replan_monitor.py
/home/varun/ros2_ws/install/warehouse_robot/lib/python3.10/site-packages/warehouse_robot/obstacle_spawner.py
/home/varun/ros2_ws/install/warehouse_robot/lib/python3.10/site-packages/warehouse_robot/map.py
/home/varun/ros2_ws/install/warehouse_robot/lib/python3.10/site-packages/warehouse_robot/__pycache__/__init__.cpython-310.pyc
/home/varun/ros2_ws/install/warehouse_robot/lib/python3.10/site-packages/warehouse_robot/__pycache__/mission_controller.cpython-310.pyc
/home/varun/ros2_ws/install/warehouse_robot/lib/python3.10/site-packages/warehouse_robot/__pycache__/replan_monitor.cpython-310.pyc
/home/varun/ros2_ws/install/warehouse_robot/lib/python3.10/site-packages/warehouse_robot/__pycache__/obstacle_spawner.cpython-310.pyc
/home/varun/ros2_ws/install/warehouse_robot/lib/python3.10/site-packages/warehouse_robot/__pycache__/map.cpython-310.pyc
/home/varun/ros2_ws/install/warehouse_robot/share/ament_index/resource_index/packages/warehouse_robot
/home/varun/ros2_ws/install/warehouse_robot/share/warehouse_robot/package.xml
/home/varun/ros2_ws/install/warehouse_robot/share/warehouse_robot/launch/warehouse_mission.launch.py
/home/varun/ros2_ws/install/warehouse_robot/share/warehouse_robot/maps/map.yaml
/home/varun/ros2_ws/install/warehouse_robot/share/warehouse_robot/maps/map.pgm
/home/varun/ros2_ws/install/warehouse_robot/lib/python3.10/site-packages/warehouse_robot-0.0.0-py3.10.egg-info/requires.txt
/home/varun/ros2_ws/install/warehouse_robot/lib/python3.10/site-packages/warehouse_robot-0.0.0-py3.10.egg-info/top_level.txt
/home/varun/ros2_ws/install/warehouse_robot/lib/python3.10/site-packages/warehouse_robot-0.0.0-py3.10.egg-info/SOURCES.txt
/home/varun/ros2_ws/install/warehouse_robot/lib/python3.10/site-packages/warehouse_robot-0.0.0-py3.10.egg-info/zip-safe
/home/varun/ros2_ws/install/warehouse_robot/lib/python3.10/site-packages/warehouse_robot-0.0.0-py3.10.egg-info/PKG-INFO
/home/varun/ros2_ws/install/warehouse_robot/lib/python3.10/site-packages/warehouse_robot-0.0.0-py3.10.egg-info/dependency_links.txt
/home/varun/ros2_ws/install/warehouse_robot/lib/python3.10/site-packages/warehouse_robot-0.0.0-py3.10.egg-info/entry_points.txt
/home/varun/ros2_ws/install/warehouse_robot/lib/warehouse_robot/mission_controller
/home/varun/ros2_ws/install/warehouse_robot/lib/warehouse_robot/obstacle_spawner
/home/varun/ros2_ws/install/warehouse_robot/lib/warehouse_robot/replan_monitor
