running egg_info
writing ../../build/warehouse_robot/warehouse_robot.egg-info/PKG-INFO
writing dependency_links to ../../build/warehouse_robot/warehouse_robot.egg-info/dependency_links.txt
writing entry points to ../../build/warehouse_robot/warehouse_robot.egg-info/entry_points.txt
writing requirements to ../../build/warehouse_robot/warehouse_robot.egg-info/requires.txt
writing top-level names to ../../build/warehouse_robot/warehouse_robot.egg-info/top_level.txt
reading manifest file '../../build/warehouse_robot/warehouse_robot.egg-info/SOURCES.txt'
writing manifest file '../../build/warehouse_robot/warehouse_robot.egg-info/SOURCES.txt'
running build
running build_py
copying warehouse_robot/mission_controller.py -> /home/varun/ros2_ws/build/warehouse_robot/build/lib/warehouse_robot
copying warehouse_robot/replan_monitor.py -> /home/varun/ros2_ws/build/warehouse_robot/build/lib/warehouse_robot
copying warehouse_robot/obstacle_spawner.py -> /home/varun/ros2_ws/build/warehouse_robot/build/lib/warehouse_robot
running install
running install_lib
copying /home/varun/ros2_ws/build/warehouse_robot/build/lib/warehouse_robot/mission_controller.py -> /home/varun/ros2_ws/install/warehouse_robot/lib/python3.10/site-packages/warehouse_robot
copying /home/varun/ros2_ws/build/warehouse_robot/build/lib/warehouse_robot/replan_monitor.py -> /home/varun/ros2_ws/install/warehouse_robot/lib/python3.10/site-packages/warehouse_robot
copying /home/varun/ros2_ws/build/warehouse_robot/build/lib/warehouse_robot/obstacle_spawner.py -> /home/varun/ros2_ws/install/warehouse_robot/lib/python3.10/site-packages/warehouse_robot
byte-compiling /home/varun/ros2_ws/install/warehouse_robot/lib/python3.10/site-packages/warehouse_robot/mission_controller.py to mission_controller.cpython-310.pyc
byte-compiling /home/varun/ros2_ws/install/warehouse_robot/lib/python3.10/site-packages/warehouse_robot/replan_monitor.py to replan_monitor.cpython-310.pyc
byte-compiling /home/varun/ros2_ws/install/warehouse_robot/lib/python3.10/site-packages/warehouse_robot/obstacle_spawner.py to obstacle_spawner.cpython-310.pyc
running install_data
copying package.xml -> /home/varun/ros2_ws/install/warehouse_robot/share/warehouse_robot
creating /home/varun/ros2_ws/install/warehouse_robot/share/warehouse_robot/launch
copying launch/warehouse_mission.launch.py -> /home/varun/ros2_ws/install/warehouse_robot/share/warehouse_robot/launch
creating /home/varun/ros2_ws/install/warehouse_robot/share/warehouse_robot/maps
copying maps/map.yaml -> /home/varun/ros2_ws/install/warehouse_robot/share/warehouse_robot/maps
copying maps/map.pgm -> /home/varun/ros2_ws/install/warehouse_robot/share/warehouse_robot/maps
running install_egg_info
removing '/home/varun/ros2_ws/install/warehouse_robot/lib/python3.10/site-packages/warehouse_robot-0.0.0-py3.10.egg-info' (and everything under it)
Copying ../../build/warehouse_robot/warehouse_robot.egg-info to /home/varun/ros2_ws/install/warehouse_robot/lib/python3.10/site-packages/warehouse_robot-0.0.0-py3.10.egg-info
running install_scripts
Installing mission_controller script to /home/varun/ros2_ws/install/warehouse_robot/lib/warehouse_robot
Installing obstacle_spawner script to /home/varun/ros2_ws/install/warehouse_robot/lib/warehouse_robot
Installing replan_monitor script to /home/varun/ros2_ws/install/warehouse_robot/lib/warehouse_robot
writing list of installed files to '/home/varun/ros2_ws/build/warehouse_robot/install.log'
