[1.166s] Invoking command in '/home/varun/ros2_ws/src/warehouse_robot': PYTHONPATH=/home/varun/ros2_ws/build/warehouse_robot/prefix_override:/usr/lib/python3/dist-packages/colcon_core/task/python/colcon_distutils_commands:/home/varun/ros2_ws/install/warehouse_robot/lib/python3.10/site-packages:${PYTHONPATH} /usr/bin/python3 -W ignore:setup.py install is deprecated -W ignore:easy_install command is deprecated setup.py egg_info --egg-base ../../build/warehouse_robot build --build-base /home/varun/ros2_ws/build/warehouse_robot/build install --record /home/varun/ros2_ws/build/warehouse_robot/install.log --single-version-externally-managed install_data
[1.494s] running egg_info
[1.495s] writing ../../build/warehouse_robot/warehouse_robot.egg-info/PKG-INFO
[1.496s] writing dependency_links to ../../build/warehouse_robot/warehouse_robot.egg-info/dependency_links.txt
[1.496s] writing entry points to ../../build/warehouse_robot/warehouse_robot.egg-info/entry_points.txt
[1.496s] writing requirements to ../../build/warehouse_robot/warehouse_robot.egg-info/requires.txt
[1.497s] writing top-level names to ../../build/warehouse_robot/warehouse_robot.egg-info/top_level.txt
[1.500s] reading manifest file '../../build/warehouse_robot/warehouse_robot.egg-info/SOURCES.txt'
[1.502s] writing manifest file '../../build/warehouse_robot/warehouse_robot.egg-info/SOURCES.txt'
[1.503s] running build
[1.503s] running build_py
[1.503s] copying warehouse_robot/mission_controller.py -> /home/varun/ros2_ws/build/warehouse_robot/build/lib/warehouse_robot
[1.505s] copying warehouse_robot/replan_monitor.py -> /home/varun/ros2_ws/build/warehouse_robot/build/lib/warehouse_robot
[1.505s] copying warehouse_robot/obstacle_spawner.py -> /home/varun/ros2_ws/build/warehouse_robot/build/lib/warehouse_robot
[1.506s] running install
[1.507s] running install_lib
[1.509s] copying /home/varun/ros2_ws/build/warehouse_robot/build/lib/warehouse_robot/mission_controller.py -> /home/varun/ros2_ws/install/warehouse_robot/lib/python3.10/site-packages/warehouse_robot
[1.510s] copying /home/varun/ros2_ws/build/warehouse_robot/build/lib/warehouse_robot/replan_monitor.py -> /home/varun/ros2_ws/install/warehouse_robot/lib/python3.10/site-packages/warehouse_robot
[1.511s] copying /home/varun/ros2_ws/build/warehouse_robot/build/lib/warehouse_robot/obstacle_spawner.py -> /home/varun/ros2_ws/install/warehouse_robot/lib/python3.10/site-packages/warehouse_robot
[1.513s] byte-compiling /home/varun/ros2_ws/install/warehouse_robot/lib/python3.10/site-packages/warehouse_robot/mission_controller.py to mission_controller.cpython-310.pyc
[1.515s] byte-compiling /home/varun/ros2_ws/install/warehouse_robot/lib/python3.10/site-packages/warehouse_robot/replan_monitor.py to replan_monitor.cpython-310.pyc
[1.517s] byte-compiling /home/varun/ros2_ws/install/warehouse_robot/lib/python3.10/site-packages/warehouse_robot/obstacle_spawner.py to obstacle_spawner.cpython-310.pyc
[1.520s] running install_data
[1.520s] copying package.xml -> /home/varun/ros2_ws/install/warehouse_robot/share/warehouse_robot
[1.520s] creating /home/varun/ros2_ws/install/warehouse_robot/share/warehouse_robot/launch
[1.521s] copying launch/warehouse_mission.launch.py -> /home/varun/ros2_ws/install/warehouse_robot/share/warehouse_robot/launch
[1.521s] creating /home/varun/ros2_ws/install/warehouse_robot/share/warehouse_robot/maps
[1.522s] copying maps/map.yaml -> /home/varun/ros2_ws/install/warehouse_robot/share/warehouse_robot/maps
[1.523s] copying maps/map.pgm -> /home/varun/ros2_ws/install/warehouse_robot/share/warehouse_robot/maps
[1.525s] running install_egg_info
[1.530s] removing '/home/varun/ros2_ws/install/warehouse_robot/lib/python3.10/site-packages/warehouse_robot-0.0.0-py3.10.egg-info' (and everything under it)
[1.531s] Copying ../../build/warehouse_robot/warehouse_robot.egg-info to /home/varun/ros2_ws/install/warehouse_robot/lib/python3.10/site-packages/warehouse_robot-0.0.0-py3.10.egg-info
[1.533s] running install_scripts
[1.563s] Installing mission_controller script to /home/varun/ros2_ws/install/warehouse_robot/lib/warehouse_robot
[1.563s] Installing obstacle_spawner script to /home/varun/ros2_ws/install/warehouse_robot/lib/warehouse_robot
[1.563s] Installing replan_monitor script to /home/varun/ros2_ws/install/warehouse_robot/lib/warehouse_robot
[1.564s] writing list of installed files to '/home/varun/ros2_ws/build/warehouse_robot/install.log'
[1.607s] Invoked command in '/home/varun/ros2_ws/src/warehouse_robot' returned '0': PYTHONPATH=/home/varun/ros2_ws/build/warehouse_robot/prefix_override:/usr/lib/python3/dist-packages/colcon_core/task/python/colcon_distutils_commands:/home/varun/ros2_ws/install/warehouse_robot/lib/python3.10/site-packages:${PYTHONPATH} /usr/bin/python3 -W ignore:setup.py install is deprecated -W ignore:easy_install command is deprecated setup.py egg_info --egg-base ../../build/warehouse_robot build --build-base /home/varun/ros2_ws/build/warehouse_robot/build install --record /home/varun/ros2_ws/build/warehouse_robot/install.log --single-version-externally-managed install_data
